$ cat prime9.patch
--- prime8.c    2013-02-23 23:14:45.943466837 +0900
+++ prime9.c    2013-02-23 23:16:41.144054858 +0900
@@ -105,8 +105,10 @@
         if (pthread_join(thd[i].th, (void *) NULL) ) {
             printf ("E: error joining thread at %li\n", i);
         }
-        tail->next = thd[i].head;
-        tail = thd[i].tail;
+        if (thd[i].head != NULL) { /* prime found */
+            tail->next = thd[i].head;
+            tail = thd[i].tail;
+        }
     }

     p=head;
$ cp prime8.c prime9.c
$ patch -p0 prime9.c <prime9.patch
patching file prime9.c
$ gcc -g -Wall -lpthread -o prime9-gdb prime9.c
$ ./prime9-gdb "1090">/dev/null; echo $?
0
$ ./prime9-gdb "4"
2
3
$ ./prime9-gdb "3"
2
3
3
3
3
3
3
3
3
 ... (snip)
